0 fffff828 trap_CG_COOL_API_GetFileList
0 fffff829 trap_CG_COOL_API_GetFileVersion
0 fffff82a trap_CG_COOL_API_AttachG2Model
0 fffff82b trap_CG_COOL_API_GetSurfaceRenderStatus
0 fffff82c trap_CG_COOL_API_SkinlessModel
0 fffff82d trap_CG_COOL_API_SetSkin
0 fffff82e trap_CG_COOL_API_GetLanguageName
0 fffff82f trap_CG_COOL_API_GetNumLanguages
0 fffffb3e trap_CG_COOL_API_DB_GetMoreResults
0 fffffb3f trap_CG_COOL_API_DB_PreparedBindNull
0 fffffb40 trap_CG_COOL_API_DB_GetBinary
0 fffffb41 trap_CG_COOL_API_DB_FinishAndSendPreparedStatement
0 fffffb42 trap_CG_COOL_API_DB_PreparedBindBinary
0 fffffb43 trap_CG_COOL_API_DB_PreparedBindInt
0 fffffb44 trap_CG_COOL_API_DB_PreparedBindFloat
0 fffffb45 trap_CG_COOL_API_DB_PreparedBindString
0 fffffb46 trap_CG_COOL_API_DB_AddPreparedStatement
0 fffffb47 trap_CG_COOL_API_DB_AddRequestTyped
0 fffffb48 trap_CG_COOL_API_DB_GetString
0 fffffb49 trap_CG_COOL_API_DB_GetFloat
0 fffffb4a trap_CG_COOL_API_DB_GetInt
0 fffffb4b trap_CG_COOL_API_DB_NextRow
0 fffffb4c trap_CG_COOL_API_DB_GetReference
0 fffffb4d trap_CG_COOL_API_DB_NextResponse
0 fffffb4e trap_CG_COOL_API_DB_AddRequest
0 fffffb4f trap_CG_COOL_API_DB_EscapeString
0 fffffba9 trap_CG_COOL_API_AddMemeCommand
0 fffffbaa trap_CG_COOL_API_CustomEpsilonTraceCapsule
0 fffffbab trap_CG_COOL_API_CustomEpsilonTrace
0 fffffbac trap_CG_COOL_API_NonEpsilonTraceCapsule
0 fffffbad trap_CG_COOL_API_NonEpsilonTrace
0 fffffbae trap_CG_COOL_API_SetUserAngles
0 fffffbaf trap_CG_COOL_API_GlResolutionChanged
0 fffffbb0 trap_CG_COOL_API_GetTimeSinceSnapReceived
0 fffffbb1 trap_CG_COOL_API_SetEzDemoBuffer
0 fffffbb3 trap_CG_COOL_API_SetPredictedMovement
0 fffffd36 trap_MVAPI_Print
0 fffffd37 trap_MVAPI_EnableSubmodelBypass
0 fffffd3a trap_MVAPI_SetVersion
0 fffffd3b trap_FS_FLock
0 fffffd3c trap_MVAPI_SetVirtualScreen
0 fffffd3d trap_R_AddRefEntityToScene2
0 fffffd3f trap_MVAPI_GetVersion
0 fffffd40 trap_MVAPI_ControlFixes
0 fffffed1 trap_CG_RegisterSharedMemory_1_04
0 fffffed2 trap_G2API_SetNewOrigin_1_04
0 fffffed3 trap_G2API_SetSurfaceOnOff_1_04
0 fffffed3 trap_CG_RegisterSharedMemory_1_02
0 fffffed4 trap_G2API_SetRootSurface_1_04
0 fffffed4 trap_G2API_SetNewOrigin_1_02
0 fffffed5 trap_G2API_SetSurfaceOnOff_1_02
0 fffffed5 trap_G2API_SetBoltInfo_1_04
0 fffffed6 trap_G2API_AddBolt_1_04
0 fffffed6 trap_G2API_SetRootSurface_1_02
0 fffffed7 trap_G2API_SetBoltInfo_1_02
0 fffffed7 trap_G2API_RemoveGhoul2Model_1_04
0 fffffed8 trap_G2API_HasGhoul2ModelOnIndex_1_04
0 fffffed8 trap_G2API_AddBolt_1_02
0 fffffed9 trap_G2API_RemoveGhoul2Model_1_02
0 fffffed9 trap_G2API_DuplicateGhoul2Instance_1_04
0 fffffeda trap_G2API_CopySpecificGhoul2Model_1_04
0 fffffeda trap_G2API_HasGhoul2ModelOnIndex_1_02
0 fffffedb trap_G2API_CopyGhoul2Instance_1_04
0 fffffedb trap_G2API_DuplicateGhoul2Instance_1_02
0 fffffedc trap_G2API_CopySpecificGhoul2Model_1_02
0 fffffedc trap_G2API_GetGLAName_1_04
0 fffffedd trap_G2API_SetBoneAnim_1_04
0 fffffedd trap_G2API_CopyGhoul2Instance_1_02
0 fffffede trap_G2API_GetGLAName_1_02
0 fffffede trap_G2API_SetBoneAngles_1_04
0 fffffedf trap_G2API_SetBoneAnim_1_02
0 fffffedf trap_G2API_CleanGhoul2Models_1_04
0 fffffee0 trap_G2API_SetBoneAngles_1_02
0 fffffee0 trap_G2API_CollisionDetect_1_04
0 fffffee1 trap_G2API_InitGhoul2Model_1_04
0 fffffee1 trap_G2API_CleanGhoul2Models_1_02
0 fffffee2 trap_G2API_InitGhoul2Model_1_02
0 fffffee2 trap_G2API_GetBoltMatrix_NoRecNoRot_1_04
0 fffffee3 trap_G2API_GetBoltMatrix_NoReconstruct
0 fffffee4 trap_G2API_GetBoltMatrix
0 fffffee5 trap_G2API_GiveMeVectorFromMatrix
0 fffffee6 trap_G2_HaveWeGhoul2Models
0 fffffee7 trap_G2_SetGhoul2ModelIndexes
0 fffffee8 trap_G2_ListModelBones
0 fffffee9 trap_G2_ListModelSurfaces
0 fffffeea trap_ROFF_Purge_Ent
0 fffffeeb trap_ROFF_Play
0 fffffeec trap_ROFF_Cache
0 fffffeed trap_ROFF_UpdateEntities
0 fffffeee trap_ROFF_Clean
0 fffffeef trap_SP_Register
0 fffffef0 trap_SP_GetStringTextString
0 fffffef1 trap_SP_Print
0 fffffef2 trap_FX_AddSprite
0 fffffef3 trap_FX_AddPrimitive
0 fffffef4 trap_FX_AddBezier
0 fffffef5 trap_FX_AddPoly
0 fffffef6 trap_FX_AdjustTime
0 fffffef7 trap_FX_FreeSystem
0 fffffef8 trap_FX_InitSystem
0 fffffef9 trap_FX_AddScheduledEffects
0 fffffefa trap_FX_PlayBoltedEffectID
0 fffffefb trap_FX_PlayEntityEffectID
0 fffffefc trap_FX_PlayEffectID
0 fffffefd trap_FX_PlaySimpleEffectID
0 fffffefe trap_FX_PlayEntityEffect
0 fffffeff trap_FX_PlayEffect
0 ffffff00 trap_FX_PlaySimpleEffect
0 ffffff01 trap_FX_RegisterEffect
0 ffffff02 trap_R_inPVS
0 ffffff03 trap_GetEntityToken
0 ffffff04 trap_CIN_SetExtents
0 ffffff05 trap_CIN_DrawCinematic
0 ffffff06 trap_CIN_RunCinematic
0 ffffff07 trap_CIN_StopCinematic
0 ffffff08 trap_CIN_PlayCinematic
0 ffffff09 trap_SnapVector
0 ffffff0a trap_RealTime
0 ffffff0b trap_S_StopBackgroundTrack
0 ffffff0c trap_PC_RemoveAllGlobalDefines
0 ffffff0d trap_PC_LoadGlobalDefines
0 ffffff0e trap_PC_SourceFileAndLine
0 ffffff0f trap_PC_ReadToken
0 ffffff10 trap_PC_FreeSource
0 ffffff11 trap_PC_LoadSource
0 ffffff12 trap_PC_AddGlobalDefine
0 ffffff13 trap_Key_GetKey_real
0 ffffff14 trap_Key_SetCatcher
0 ffffff15 trap_Key_GetCatcher
0 ffffff16 trap_Key_IsDown_real
0 ffffff17 trap_MemoryRemaining
0 ffffff1a trap_OpenUIMenu
0 ffffff1b trap_SetClientTurnExtent
0 ffffff1c trap_SetClientForceAngle
0 ffffff1d trap_SetUserCmdValue
0 ffffff1e trap_GetUserCmd
0 ffffff1f trap_GetCurrentCmdNumber
0 ffffff20 trap_GetServerCommand
0 ffffff21 trap_GetSnapshot
0 ffffff22 trap_GetCurrentSnapshotNumber
0 ffffff23 trap_GetGameState
0 ffffff24 trap_GetGlconfig
0 ffffff25 trap_FX_AddLine
0 ffffff26 trap_R_GetBModelVerts
0 ffffff27 trap_R_SetLightStyle
0 ffffff28 trap_R_GetLightStyle
0 ffffff29 trap_R_RemapShader
0 ffffff2a trap_R_DrawRotatePic2
0 ffffff2b trap_R_DrawRotatePic
0 ffffff2c trap_R_LerpTag
0 ffffff2d trap_R_ModelBounds
0 ffffff2e trap_R_DrawStretchPic
0 ffffff2f trap_R_SetColor
0 ffffff30 trap_R_RenderScene
0 ffffff31 trap_R_AddAdditiveLightToScene
0 ffffff32 trap_R_AddLightToScene
0 ffffff33 trap_R_LightForPoint
0 ffffff34 trap_R_AddPolysToScene
0 ffffff35 trap_R_AddPolyToScene
0 ffffff36 trap_R_AddRefEntityToScene
0 ffffff37 trap_R_ClearScene
0 ffffff8e asin
0 ffffff8f acos
0 ffffff90 ceil
0 ffffff91 floor
0 ffffff92 perpendicularvector
0 ffffff93 anglevectors
0 ffffff94 matrixmultiply
0 ffffff95 sqrt
0 ffffff96 atan2
0 ffffff97 cos
0 ffffff98 sin
0 ffffff99 strncpy
0 ffffff9a memcpy
0 ffffff9b memset
0 ffffffc9 trap_AnyLanguage_ReadCharFromString_1_04
0 ffffffca trap_Language_UsesSpaces_1_04
0 ffffffcb trap_Language_IsAsian_1_04
0 ffffffcb trap_AnyLanguage_ReadCharFromString_1_02
0 ffffffcc trap_R_Font_DrawString
0 ffffffcd trap_R_Font_HeightPixels
0 ffffffce trap_R_Font_StrLenChars
0 ffffffcf trap_R_Font_StrLenPixels
0 ffffffd0 trap_R_RegisterFont
0 ffffffd1 trap_R_RegisterShaderNoMip
0 ffffffd2 trap_R_RegisterShader
0 ffffffd3 trap_R_RegisterSkin
0 ffffffd4 trap_R_RegisterModel
0 ffffffd5 trap_R_LoadWorldMap
0 ffffffd6 trap_S_StartBackgroundTrack
0 ffffffd7 trap_S_RegisterSound
0 ffffffd8 trap_S_Respatialize
0 ffffffd9 trap_S_StopLoopingSound
0 ffffffda trap_S_AddRealLoopingSound
0 ffffffdb trap_S_UpdateEntityPosition
0 ffffffdc trap_S_AddLoopingSound
0 ffffffdd trap_S_ClearLoopingSounds
0 ffffffde trap_S_StartLocalSound
0 ffffffdf trap_S_StartSound
0 ffffffe0 trap_S_MuteSound
0 ffffffe1 trap_CM_MarkFragments
0 ffffffe2 trap_CM_TransformedCapsuleTrace
0 ffffffe3 trap_CM_TransformedBoxTrace
0 ffffffe4 trap_CM_CapsuleTrace
0 ffffffe5 trap_CM_BoxTrace
0 ffffffe6 trap_CM_TransformedPointContents
0 ffffffe7 trap_CM_PointContents
0 ffffffe8 trap_CM_TempCapsuleModel
0 ffffffe9 trap_CM_TempBoxModel
0 ffffffea trap_CM_InlineModel
0 ffffffeb trap_CM_NumInlineModels
0 ffffffec trap_CM_LoadMap
0 ffffffed trap_UpdateScreen
0 ffffffee trap_SendClientCommand
0 ffffffef trap_RemoveCommand
0 fffffff0 trap_AddCommand
0 fffffff1 trap_SendConsoleCommand
0 fffffff2 trap_FS_FCloseFile
0 fffffff3 trap_FS_Write
0 fffffff4 trap_FS_Read
0 fffffff5 trap_FS_FOpenFile
0 fffffff6 trap_Args
0 fffffff7 trap_Argv
0 fffffff8 trap_Argc
0 fffffff9 trap_Cvar_VariableStringBuffer
0 fffffffa trap_Cvar_Set
0 fffffffb trap_Cvar_Update
0 fffffffc trap_Cvar_Register
0 fffffffd trap_Milliseconds
0 fffffffe trap_Error
0 ffffffff trap_Print
0        0 _stackStart
0    10000 _stackEnd
