0 fffff81f trap_UI_COOL_API_GetFileVersion
0 fffff820 trap_UI_COOL_API_AttachG2Model
0 fffff821 trap_UI_COOL_API_AddBolt
0 fffff822 trap_UI_COOL_API_RemoveGhoul2Model
0 fffff823 trap_UI_COOL_API_HasGhoul2ModelOnIndex
0 fffff824 trap_UI_COOL_API_GetGlaName
0 fffff825 trap_UI_COOL_API_SetBoneAnim
0 fffff826 trap_UI_COOL_API_CleanGhoul2Models
0 fffff827 trap_UI_COOL_API_GetSurfaceRenderStatus
0 fffff828 trap_UI_COOL_API_SkinlessModel
0 fffff829 trap_UI_COOL_API_SetSkin
0 fffff82a trap_UI_COOL_API_InitGhoul2Model
0 fffff82b trap_UI_COOL_API_GetBoltMatrix
0 fffff82c trap_UI_COOL_API_GiveMeVectorFromMatrix
0 fffff82d trap_UI_COOL_API_HaveWeGhoul2Models
0 fffff82e trap_UI_COOL_API_GetLanguageName
0 fffff82f trap_UI_COOL_API_GetNumLanguages
0 fffffbaf trap_UI_COOL_API_GlResolutionChanged
0 fffffd36 trap_MVAPI_Print
0 fffffd3a trap_MVAPI_SetVersion
0 fffffd3b trap_FS_FLock
0 fffffd3c trap_MVAPI_SetVirtualScreen
0 fffffd3d trap_R_AddRefEntityToScene2
0 fffffd3f trap_MVAPI_GetVersion
0 fffffd40 trap_MVAPI_ControlFixes
0 fffffed0 trap_UI_DeleteDLFile
0 fffffed1 trap_FS_RMDLPrefix
0 fffffed2 trap_FS_GetDLList
0 fffffed3 trap_CL_ContinueCurrentDownload
0 ffffff35 trap_G2API_SetBoneAngles
0 ffffff36 trap_SP_GetStringTextString
0 ffffff37 trap_SP_Register
0 ffffff8c matrixmultiply
0 ffffff8d asin
0 ffffff8e acos
0 ffffff91 ceil
0 ffffff92 perpendicularvector
0 ffffff93 anglevectors
0 ffffff94 floor
0 ffffff95 sqrt
0 ffffff96 atan2
0 ffffff97 cos
0 ffffff98 sin
0 ffffff99 strncpy
0 ffffff9a memcpy
0 ffffff9b memset
0 ffffffa1 trap_LAN_CompareServers_1_04
0 ffffffa2 trap_LAN_ServerIsVisible_1_04
0 ffffffa3 trap_LAN_CompareServers_1_02
0 ffffffa3 trap_LAN_GetServerPing_1_04
0 ffffffa4 trap_LAN_ServerStatus_1_04
0 ffffffa4 trap_LAN_ServerIsVisible_1_02
0 ffffffa5 trap_R_RemapShader_1_04
0 ffffffa5 trap_LAN_GetServerPing_1_02
0 ffffffa6 trap_LAN_ServerStatus_1_02
0 ffffffa6 trap_CIN_SetExtents_1_04
0 ffffffa7 trap_R_RemapShader_1_02
0 ffffffa7 trap_CIN_DrawCinematic_1_04
0 ffffffa8 trap_CIN_SetExtents_1_02
0 ffffffa8 trap_CIN_RunCinematic_1_04
0 ffffffa9 trap_CIN_DrawCinematic_1_02
0 ffffffa9 trap_CIN_StopCinematic_1_04
0 ffffffaa trap_CIN_PlayCinematic_1_04
0 ffffffaa trap_CIN_RunCinematic_1_02
0 ffffffab trap_LAN_RemoveServer_1_04
0 ffffffab trap_CIN_StopCinematic_1_02
0 ffffffac trap_LAN_AddServer_1_04
0 ffffffac trap_CIN_PlayCinematic_1_02
0 ffffffad trap_LAN_SaveCachedServers_1_04
0 ffffffad trap_LAN_RemoveServer_1_02
0 ffffffae trap_LAN_LoadCachedServers_1_04
0 ffffffae trap_LAN_AddServer_1_02
0 ffffffaf trap_LAN_ResetPings_1_04
0 ffffffaf trap_LAN_SaveCachedServers_1_02
0 ffffffb0 trap_LAN_UpdateVisiblePings_1_04
0 ffffffb0 trap_LAN_LoadCachedServers_1_02
0 ffffffb1 trap_LAN_MarkServerVisible_1_04
0 ffffffb1 trap_LAN_ResetPings_1_02
0 ffffffb2 trap_LAN_GetServerInfo_1_04
0 ffffffb2 trap_LAN_UpdateVisiblePings_1_02
0 ffffffb3 trap_LAN_MarkServerVisible_1_02
0 ffffffb3 trap_LAN_GetServerAddressString_1_04
0 ffffffb4 trap_LAN_GetServerCount_1_04
0 ffffffb4 trap_LAN_GetServerInfo_1_02
0 ffffffb5 trap_LAN_GetServerAddressString_1_02
0 ffffffb5 trap_RealTime_1_04
0 ffffffb6 trap_LAN_GetServerCount_1_02
0 ffffffb6 trap_S_StartBackgroundTrack_1_04
0 ffffffb7 trap_RealTime_1_02
0 ffffffb7 trap_S_StopBackgroundTrack_1_04
0 ffffffb8 trap_S_StartBackgroundTrack_1_02
0 ffffffb8 trap_PC_RemoveAllGlobalDefines_1_04
0 ffffffb9 trap_PC_LoadGlobalDefines_1_04
0 ffffffb9 trap_S_StopBackgroundTrack_1_02
0 ffffffba trap_PC_RemoveAllGlobalDefines_1_02
0 ffffffba trap_PC_SourceFileAndLine_1_04
0 ffffffbb trap_PC_ReadToken_1_04
0 ffffffbb trap_PC_LoadGlobalDefines_1_02
0 ffffffbc trap_PC_SourceFileAndLine_1_02
0 ffffffbc trap_PC_FreeSource_1_04
0 ffffffbd trap_PC_LoadSource_1_04
0 ffffffbd trap_PC_ReadToken_1_02
0 ffffffbe trap_PC_FreeSource_1_02
0 ffffffbe trap_PC_AddGlobalDefine_1_04
0 ffffffbf trap_R_ModelBounds_1_04
0 ffffffbf trap_PC_LoadSource_1_02
0 ffffffc0 trap_PC_AddGlobalDefine_1_02
0 ffffffc0 trap_AnyLanguage_ReadCharFromString_1_04
0 ffffffc1 trap_Language_UsesSpaces_1_04
0 ffffffc1 trap_R_ModelBounds_1_02
0 ffffffc2 trap_AnyLanguage_ReadCharFromString_1_02
0 ffffffc2 trap_Language_IsAsian_1_04
0 ffffffc3 trap_R_Font_DrawString
0 ffffffc4 trap_R_Font_HeightPixels
0 ffffffc5 trap_R_Font_StrLenChars
0 ffffffc6 trap_R_Font_StrLenPixels
0 ffffffc7 trap_R_RegisterFont
0 ffffffc8 trap_VerifyCDKey
0 ffffffc9 trap_SetCDKey
0 ffffffca trap_GetCDKey
0 ffffffcb trap_MemoryRemaining
0 ffffffcc trap_Cvar_Update
0 ffffffcd trap_Cvar_Register
0 ffffffce trap_LAN_GetPingInfo
0 ffffffcf trap_LAN_GetPing
0 ffffffd0 trap_LAN_ClearPing
0 ffffffd1 trap_LAN_GetPingQueueCount
0 ffffffd2 trap_GetConfigString
0 ffffffd3 trap_GetClientState
0 ffffffd4 trap_GetGlconfig
0 ffffffd5 trap_GetClipboardData
0 ffffffd6 trap_Key_SetCatcher
0 ffffffd7 trap_Key_GetCatcher
0 ffffffd8 trap_Key_ClearStates
0 ffffffd9 trap_Key_SetOverstrikeMode
0 ffffffda trap_Key_GetOverstrikeMode
0 ffffffdb trap_Key_IsDown_real
0 ffffffdc trap_Key_SetBinding_real
0 ffffffdd trap_Key_GetBindingBuf_real
0 ffffffde trap_Key_KeynumToStringBuf_real
0 ffffffdf trap_S_StartLocalSound
0 ffffffe0 trap_S_RegisterSound
0 ffffffe2 trap_CM_LerpTag
0 ffffffe3 trap_UpdateScreen
0 ffffffe4 trap_R_DrawStretchPic
0 ffffffe5 trap_R_SetColor
0 ffffffe6 trap_R_RenderScene
0 ffffffe7 trap_R_AddLightToScene
0 ffffffe8 trap_R_AddPolyToScene
0 ffffffe9 trap_R_AddRefEntityToScene
0 ffffffea trap_R_ClearScene
0 ffffffeb trap_R_RegisterShaderNoMip
0 ffffffec trap_R_RegisterSkin
0 ffffffed trap_R_RegisterModel
0 ffffffee trap_FS_GetFileList
0 ffffffef trap_FS_FCloseFile
0 fffffff0 trap_FS_Write
0 fffffff1 trap_FS_Read
0 fffffff2 trap_FS_FOpenFile
0 fffffff3 trap_Cmd_ExecuteText
0 fffffff4 trap_Argv
0 fffffff5 trap_Argc
0 fffffff6 trap_Cvar_InfoStringBuffer
0 fffffff7 trap_Cvar_Create
0 fffffff8 trap_Cvar_Reset
0 fffffff9 trap_Cvar_SetValue
0 fffffffa trap_Cvar_VariableStringBuffer
0 fffffffb trap_Cvar_VariableValue
0 fffffffc trap_Cvar_Set
0 fffffffd trap_Milliseconds
0 fffffffe trap_Print
0 ffffffff trap_Error
0        0 _stackStart
0    10000 _stackEnd
