c:\users\david\documents\workspace\tom_jk2mv\src\mvsdk\code\ui\ui_x64.dir\release\ui_multiversion.obj
c:\users\david\documents\workspace\tom_jk2mv\src\mvsdk\code\ui\ui_x64.dir\release\ui_force.obj
c:\users\david\documents\workspace\tom_jk2mv\src\mvsdk\code\ui\ui_x64.dir\release\bg_misc.obj
c:\users\david\documents\workspace\tom_jk2mv\src\mvsdk\code\ui\ui_x64.dir\release\ui_main.obj
c:\users\david\documents\workspace\tom_jk2mv\src\mvsdk\code\ui\ui_x64.dir\release\ui_shared.obj
c:\users\david\documents\workspace\tom_jk2mv\src\mvsdk\code\ui\ui_x64.dir\release\ui_syscalls.obj
c:\users\david\documents\workspace\tom_jk2mv\src\mvsdk\code\ui\ui_x64.dir\release\ui_saber.obj
c:\users\david\documents\workspace\tom_jk2mv\src\mvsdk\code\ui\ui_x64.dir\release\bg_multiversion.obj
c:\users\david\documents\workspace\tom_jk2mv\src\mvsdk\code\ui\ui_x64.dir\release\ui_atoms.obj
c:\users\david\documents\workspace\tom_jk2mv\src\mvsdk\code\ui\ui_x64.dir\release\ui_gameinfo.obj
c:\users\david\documents\workspace\tom_jk2mv\src\mvsdk\code\ui\ui_x64.dir\release\ui_multiversion_syscalls.obj
c:\users\david\documents\workspace\tom_jk2mv\src\mvsdk\code\ui\ui_x64.dir\release\q_shared.obj
c:\users\david\documents\workspace\tom_jk2mv\src\mvsdk\code\ui\ui_x64.dir\release\q_math.obj
c:\users\david\documents\workspace\tom_jk2mv\src\mvsdk\code\ui\ui_x64.dir\release\bg_weapons.obj
c:\users\david\documents\workspace\tom_jk2mv\src\mvsdk\code\ui\cmakefiles\generate.stamp
c:\users\david\documents\workspace\tom_jk2mv\out\release\ui_x64.dll
c:\users\david\documents\workspace\tom_jk2mv\out\release\ui_x64.lib
c:\users\david\documents\workspace\tom_jk2mv\out\release\ui_x64.exp
c:\users\david\documents\workspace\tom_jk2mv\src\mvsdk\code\ui\ui_x64.dir\release\ui module.tlog\cl.12628.write.1.tlog
c:\users\david\documents\workspace\tom_jk2mv\src\mvsdk\code\ui\ui_x64.dir\release\ui module.tlog\cl.command.1.tlog
c:\users\david\documents\workspace\tom_jk2mv\src\mvsdk\code\ui\ui_x64.dir\release\ui module.tlog\cl.items.tlog
c:\users\david\documents\workspace\tom_jk2mv\src\mvsdk\code\ui\ui_x64.dir\release\ui module.tlog\cl.read.1.tlog
c:\users\david\documents\workspace\tom_jk2mv\src\mvsdk\code\ui\ui_x64.dir\release\ui module.tlog\custombuild.command.1.tlog
c:\users\david\documents\workspace\tom_jk2mv\src\mvsdk\code\ui\ui_x64.dir\release\ui module.tlog\custombuild.read.1.tlog
c:\users\david\documents\workspace\tom_jk2mv\src\mvsdk\code\ui\ui_x64.dir\release\ui module.tlog\custombuild.write.1.tlog
c:\users\david\documents\workspace\tom_jk2mv\src\mvsdk\code\ui\ui_x64.dir\release\ui module.tlog\link.command.1.tlog
c:\users\david\documents\workspace\tom_jk2mv\src\mvsdk\code\ui\ui_x64.dir\release\ui module.tlog\link.read.1.tlog
c:\users\david\documents\workspace\tom_jk2mv\src\mvsdk\code\ui\ui_x64.dir\release\ui module.tlog\link.secondary.1.tlog
c:\users\david\documents\workspace\tom_jk2mv\src\mvsdk\code\ui\ui_x64.dir\release\ui module.tlog\link.write.1.tlog
