c:\users\david\documents\workspace\tom_jk2mv\src\mvsdk\code\game\jk2mpgame_x64.dir\release\g_cmds.obj
c:\users\david\documents\workspace\tom_jk2mv\src\mvsdk\code\game\jk2mpgame_x64.dir\release\bg_weapons.obj
c:\users\david\documents\workspace\tom_jk2mv\src\mvsdk\code\game\jk2mpgame_x64.dir\release\g_spawn.obj
c:\users\david\documents\workspace\tom_jk2mv\src\mvsdk\code\game\jk2mpgame_x64.dir\release\g_log.obj
c:\users\david\documents\workspace\tom_jk2mv\src\mvsdk\code\game\jk2mpgame_x64.dir\release\g_dbcmds.obj
c:\users\david\documents\workspace\tom_jk2mv\src\mvsdk\code\game\jk2mpgame_x64.dir\release\g_missile.obj
c:\users\david\documents\workspace\tom_jk2mv\src\mvsdk\code\game\jk2mpgame_x64.dir\release\g_syscalls.obj
c:\users\david\documents\workspace\tom_jk2mv\src\mvsdk\code\game\jk2mpgame_x64.dir\release\bg_misc.obj
c:\users\david\documents\workspace\tom_jk2mv\src\mvsdk\code\game\jk2mpgame_x64.dir\release\g_trigger.obj
c:\users\david\documents\workspace\tom_jk2mv\src\mvsdk\code\game\jk2mpgame_x64.dir\release\animmappingtable.obj
c:\users\david\documents\workspace\tom_jk2mv\src\mvsdk\code\game\jk2mpgame_x64.dir\release\bg_pmove_q2.obj
c:\users\david\documents\workspace\tom_jk2mv\src\mvsdk\code\game\jk2mpgame_x64.dir\release\g_misc.obj
c:\users\david\documents\workspace\tom_jk2mv\src\mvsdk\code\game\jk2mpgame_x64.dir\release\bg_cmd.obj
c:\users\david\documents\workspace\tom_jk2mv\src\mvsdk\code\game\jk2mpgame_x64.dir\release\g_svcmds.obj
c:\users\david\documents\workspace\tom_jk2mv\src\mvsdk\code\game\jk2mpgame_x64.dir\release\g_multiversion.obj
c:\users\david\documents\workspace\tom_jk2mv\src\mvsdk\code\game\jk2mpgame_x64.dir\release\bg_saber.obj
c:\users\david\documents\workspace\tom_jk2mv\src\mvsdk\code\game\jk2mpgame_x64.dir\release\levenshtein.obj
c:\users\david\documents\workspace\tom_jk2mv\src\mvsdk\code\game\jk2mpgame_x64.dir\release\g_main.obj
c:\users\david\documents\workspace\tom_jk2mv\src\mvsdk\code\game\jk2mpgame_x64.dir\release\fp16.obj
c:\users\david\documents\workspace\tom_jk2mv\src\mvsdk\code\game\jk2mpgame_x64.dir\release\bg_slidemove.obj
c:\users\david\documents\workspace\tom_jk2mv\src\mvsdk\code\game\jk2mpgame_x64.dir\release\g_items.obj
c:\users\david\documents\workspace\tom_jk2mv\src\mvsdk\code\game\jk2mpgame_x64.dir\release\ai_main.obj
c:\users\david\documents\workspace\tom_jk2mv\src\mvsdk\code\game\jk2mpgame_x64.dir\release\bg_panimate.obj
c:\users\david\documents\workspace\tom_jk2mv\src\mvsdk\code\game\jk2mpgame_x64.dir\release\q_shared.obj
c:\users\david\documents\workspace\tom_jk2mv\src\mvsdk\code\game\jk2mpgame_x64.dir\release\g_arenas.obj
c:\users\david\documents\workspace\tom_jk2mv\src\mvsdk\code\game\jk2mpgame_x64.dir\release\g_team.obj
c:\users\david\documents\workspace\tom_jk2mv\src\mvsdk\code\game\jk2mpgame_x64.dir\release\g_active.obj
c:\users\david\documents\workspace\tom_jk2mv\src\mvsdk\code\game\jk2mpgame_x64.dir\release\ai_wpnav.obj
c:\users\david\documents\workspace\tom_jk2mv\src\mvsdk\code\game\jk2mpgame_x64.dir\release\g_client.obj
c:\users\david\documents\workspace\tom_jk2mv\src\mvsdk\code\game\jk2mpgame_x64.dir\release\g_session.obj
c:\users\david\documents\workspace\tom_jk2mv\src\mvsdk\code\game\jk2mpgame_x64.dir\release\g_utils.obj
c:\users\david\documents\workspace\tom_jk2mv\src\mvsdk\code\game\jk2mpgame_x64.dir\release\g_object.obj
c:\users\david\documents\workspace\tom_jk2mv\src\mvsdk\code\game\jk2mpgame_x64.dir\release\w_saber.obj
c:\users\david\documents\workspace\tom_jk2mv\src\mvsdk\code\game\jk2mpgame_x64.dir\release\g_crossserver.obj
c:\users\david\documents\workspace\tom_jk2mv\src\mvsdk\code\game\jk2mpgame_x64.dir\release\g_target.obj
c:\users\david\documents\workspace\tom_jk2mv\src\mvsdk\code\game\jk2mpgame_x64.dir\release\g_combat.obj
c:\users\david\documents\workspace\tom_jk2mv\src\mvsdk\code\game\jk2mpgame_x64.dir\release\g_defrag.obj
c:\users\david\documents\workspace\tom_jk2mv\src\mvsdk\code\game\jk2mpgame_x64.dir\release\bg_pmove.obj
c:\users\david\documents\workspace\tom_jk2mv\src\mvsdk\code\game\jk2mpgame_x64.dir\release\g_saga.obj
c:\users\david\documents\workspace\tom_jk2mv\src\mvsdk\code\game\jk2mpgame_x64.dir\release\q_math.obj
c:\users\david\documents\workspace\tom_jk2mv\src\mvsdk\code\game\jk2mpgame_x64.dir\release\bg_pmove_css.obj
c:\users\david\documents\workspace\tom_jk2mv\src\mvsdk\code\game\jk2mpgame_x64.dir\release\crypt_blowfish.obj
c:\users\david\documents\workspace\tom_jk2mv\src\mvsdk\code\game\jk2mpgame_x64.dir\release\g_mover.obj
c:\users\david\documents\workspace\tom_jk2mv\src\mvsdk\code\game\jk2mpgame_x64.dir\release\g_bot.obj
c:\users\david\documents\workspace\tom_jk2mv\src\mvsdk\code\game\jk2mpgame_x64.dir\release\w_force.obj
c:\users\david\documents\workspace\tom_jk2mv\src\mvsdk\code\game\jk2mpgame_x64.dir\release\g_mem.obj
c:\users\david\documents\workspace\tom_jk2mv\src\mvsdk\code\game\jk2mpgame_x64.dir\release\g_multiversion_syscalls.obj
c:\users\david\documents\workspace\tom_jk2mv\src\mvsdk\code\game\jk2mpgame_x64.dir\release\bg_defrag_global.obj
c:\users\david\documents\workspace\tom_jk2mv\src\mvsdk\code\game\jk2mpgame_x64.dir\release\bg_multiversion.obj
c:\users\david\documents\workspace\tom_jk2mv\src\mvsdk\code\game\jk2mpgame_x64.dir\release\ai_util.obj
c:\users\david\documents\workspace\tom_jk2mv\src\mvsdk\code\game\jk2mpgame_x64.dir\release\g_weapon.obj
c:\users\david\documents\workspace\tom_jk2mv\src\mvsdk\code\game\cmakefiles\generate.stamp
c:\users\david\documents\workspace\tom_jk2mv\out\release\jk2mpgame_x64.dll
c:\users\david\documents\workspace\tom_jk2mv\out\release\jk2mpgame_x64.lib
c:\users\david\documents\workspace\tom_jk2mv\out\release\jk2mpgame_x64.exp
c:\users\david\documents\workspace\tom_jk2mv\src\mvsdk\code\game\jk2mpgame_x64.dir\release\game module.tlog\cl.command.1.tlog
c:\users\david\documents\workspace\tom_jk2mv\src\mvsdk\code\game\jk2mpgame_x64.dir\release\game module.tlog\cl.items.tlog
c:\users\david\documents\workspace\tom_jk2mv\src\mvsdk\code\game\jk2mpgame_x64.dir\release\game module.tlog\cl.read.1.tlog
c:\users\david\documents\workspace\tom_jk2mv\src\mvsdk\code\game\jk2mpgame_x64.dir\release\game module.tlog\cl.write.1.tlog
c:\users\david\documents\workspace\tom_jk2mv\src\mvsdk\code\game\jk2mpgame_x64.dir\release\game module.tlog\custombuild.command.1.tlog
c:\users\david\documents\workspace\tom_jk2mv\src\mvsdk\code\game\jk2mpgame_x64.dir\release\game module.tlog\custombuild.read.1.tlog
c:\users\david\documents\workspace\tom_jk2mv\src\mvsdk\code\game\jk2mpgame_x64.dir\release\game module.tlog\custombuild.write.1.tlog
c:\users\david\documents\workspace\tom_jk2mv\src\mvsdk\code\game\jk2mpgame_x64.dir\release\game module.tlog\link.command.1.tlog
c:\users\david\documents\workspace\tom_jk2mv\src\mvsdk\code\game\jk2mpgame_x64.dir\release\game module.tlog\link.read.1.tlog
c:\users\david\documents\workspace\tom_jk2mv\src\mvsdk\code\game\jk2mpgame_x64.dir\release\game module.tlog\link.secondary.1.tlog
c:\users\david\documents\workspace\tom_jk2mv\src\mvsdk\code\game\jk2mpgame_x64.dir\release\game module.tlog\link.write.1.tlog
