c:\users\david\documents\workspace\tom_jk2mv\src\mvsdk\tools\cpp\q3cpp.dir\release\hideset.obj
c:\users\david\documents\workspace\tom_jk2mv\src\mvsdk\tools\cpp\q3cpp.dir\release\cpp.obj
c:\users\david\documents\workspace\tom_jk2mv\src\mvsdk\tools\cpp\q3cpp.dir\release\getopt.obj
c:\users\david\documents\workspace\tom_jk2mv\src\mvsdk\tools\cpp\q3cpp.dir\release\eval.obj
c:\users\david\documents\workspace\tom_jk2mv\src\mvsdk\tools\cpp\q3cpp.dir\release\nlist.obj
c:\users\david\documents\workspace\tom_jk2mv\src\mvsdk\tools\cpp\q3cpp.dir\release\tokens.obj
c:\users\david\documents\workspace\tom_jk2mv\src\mvsdk\tools\cpp\q3cpp.dir\release\macro.obj
c:\users\david\documents\workspace\tom_jk2mv\src\mvsdk\tools\cpp\q3cpp.dir\release\include.obj
c:\users\david\documents\workspace\tom_jk2mv\src\mvsdk\tools\cpp\q3cpp.dir\release\unix.obj
c:\users\david\documents\workspace\tom_jk2mv\src\mvsdk\tools\cpp\q3cpp.dir\release\lex.obj
c:\users\david\documents\workspace\tom_jk2mv\src\mvsdk\tools\cpp\cmakefiles\generate.stamp
c:\users\david\documents\workspace\tom_jk2mv\tools\release\q3cpp.exe
c:\users\david\documents\workspace\tom_jk2mv\src\mvsdk\tools\cpp\q3cpp.dir\release\q3cpp.tlog\cl.25952.write.1.tlog
c:\users\david\documents\workspace\tom_jk2mv\src\mvsdk\tools\cpp\q3cpp.dir\release\q3cpp.tlog\cl.command.1.tlog
c:\users\david\documents\workspace\tom_jk2mv\src\mvsdk\tools\cpp\q3cpp.dir\release\q3cpp.tlog\cl.items.tlog
c:\users\david\documents\workspace\tom_jk2mv\src\mvsdk\tools\cpp\q3cpp.dir\release\q3cpp.tlog\cl.read.1.tlog
c:\users\david\documents\workspace\tom_jk2mv\src\mvsdk\tools\cpp\q3cpp.dir\release\q3cpp.tlog\custombuild.command.1.tlog
c:\users\david\documents\workspace\tom_jk2mv\src\mvsdk\tools\cpp\q3cpp.dir\release\q3cpp.tlog\custombuild.read.1.tlog
c:\users\david\documents\workspace\tom_jk2mv\src\mvsdk\tools\cpp\q3cpp.dir\release\q3cpp.tlog\custombuild.write.1.tlog
c:\users\david\documents\workspace\tom_jk2mv\src\mvsdk\tools\cpp\q3cpp.dir\release\q3cpp.tlog\link.command.1.tlog
c:\users\david\documents\workspace\tom_jk2mv\src\mvsdk\tools\cpp\q3cpp.dir\release\q3cpp.tlog\link.read.1.tlog
c:\users\david\documents\workspace\tom_jk2mv\src\mvsdk\tools\cpp\q3cpp.dir\release\q3cpp.tlog\link.secondary.1.tlog
c:\users\david\documents\workspace\tom_jk2mv\src\mvsdk\tools\cpp\q3cpp.dir\release\q3cpp.tlog\link.write.1.tlog
