c:\users\david\documents\workspace\tom_jk2mv\src\mvsdk\tools\rcc\q3rcc.dir\release\list.obj
c:\users\david\documents\workspace\tom_jk2mv\src\mvsdk\tools\rcc\q3rcc.dir\release\output.obj
c:\users\david\documents\workspace\tom_jk2mv\src\mvsdk\tools\rcc\q3rcc.dir\release\bytecode.obj
c:\users\david\documents\workspace\tom_jk2mv\src\mvsdk\tools\rcc\q3rcc.dir\release\event.obj
c:\users\david\documents\workspace\tom_jk2mv\src\mvsdk\tools\rcc\q3rcc.dir\release\symbolic.obj
c:\users\david\documents\workspace\tom_jk2mv\src\mvsdk\tools\rcc\q3rcc.dir\release\null.obj
c:\users\david\documents\workspace\tom_jk2mv\src\mvsdk\tools\rcc\q3rcc.dir\release\tree.obj
c:\users\david\documents\workspace\tom_jk2mv\src\mvsdk\tools\rcc\q3rcc.dir\release\enode.obj
c:\users\david\documents\workspace\tom_jk2mv\src\mvsdk\tools\rcc\q3rcc.dir\release\alloc.obj
c:\users\david\documents\workspace\tom_jk2mv\src\mvsdk\tools\rcc\q3rcc.dir\release\trace.obj
c:\users\david\documents\workspace\tom_jk2mv\src\mvsdk\tools\rcc\q3rcc.dir\release\dagcheck.obj
c:\users\david\documents\workspace\tom_jk2mv\src\mvsdk\tools\rcc\q3rcc.dir\release\main.obj
c:\users\david\documents\workspace\tom_jk2mv\src\mvsdk\tools\rcc\q3rcc.dir\release\prof.obj
c:\users\david\documents\workspace\tom_jk2mv\src\mvsdk\tools\rcc\q3rcc.dir\release\gen.obj
c:\users\david\documents\workspace\tom_jk2mv\src\mvsdk\tools\rcc\q3rcc.dir\release\stmt.obj
c:\users\david\documents\workspace\tom_jk2mv\src\mvsdk\tools\rcc\q3rcc.dir\release\dag.obj
c:\users\david\documents\workspace\tom_jk2mv\src\mvsdk\tools\rcc\q3rcc.dir\release\simp.obj
c:\users\david\documents\workspace\tom_jk2mv\src\mvsdk\tools\rcc\q3rcc.dir\release\sym.obj
c:\users\david\documents\workspace\tom_jk2mv\src\mvsdk\tools\rcc\q3rcc.dir\release\bind.obj
c:\users\david\documents\workspace\tom_jk2mv\src\mvsdk\tools\rcc\q3rcc.dir\release\input.obj
c:\users\david\documents\workspace\tom_jk2mv\src\mvsdk\tools\rcc\q3rcc.dir\release\inits.obj
c:\users\david\documents\workspace\tom_jk2mv\src\mvsdk\tools\rcc\q3rcc.dir\release\types.obj
c:\users\david\documents\workspace\tom_jk2mv\src\mvsdk\tools\rcc\q3rcc.dir\release\expr.obj
c:\users\david\documents\workspace\tom_jk2mv\src\mvsdk\tools\rcc\q3rcc.dir\release\lex.obj
c:\users\david\documents\workspace\tom_jk2mv\src\mvsdk\tools\rcc\q3rcc.dir\release\profio.obj
c:\users\david\documents\workspace\tom_jk2mv\src\mvsdk\tools\rcc\q3rcc.dir\release\string.obj
c:\users\david\documents\workspace\tom_jk2mv\src\mvsdk\tools\rcc\q3rcc.dir\release\init.obj
c:\users\david\documents\workspace\tom_jk2mv\src\mvsdk\tools\rcc\q3rcc.dir\release\decl.obj
c:\users\david\documents\workspace\tom_jk2mv\src\mvsdk\tools\rcc\q3rcc.dir\release\error.obj
c:\users\david\documents\workspace\tom_jk2mv\src\mvsdk\tools\rcc\cmakefiles\generate.stamp
c:\users\david\documents\workspace\tom_jk2mv\tools\release\q3rcc.exe
c:\users\david\documents\workspace\tom_jk2mv\src\mvsdk\tools\rcc\q3rcc.dir\release\q3rcc.tlog\cl.16576.write.1.tlog
c:\users\david\documents\workspace\tom_jk2mv\src\mvsdk\tools\rcc\q3rcc.dir\release\q3rcc.tlog\cl.command.1.tlog
c:\users\david\documents\workspace\tom_jk2mv\src\mvsdk\tools\rcc\q3rcc.dir\release\q3rcc.tlog\cl.items.tlog
c:\users\david\documents\workspace\tom_jk2mv\src\mvsdk\tools\rcc\q3rcc.dir\release\q3rcc.tlog\cl.read.1.tlog
c:\users\david\documents\workspace\tom_jk2mv\src\mvsdk\tools\rcc\q3rcc.dir\release\q3rcc.tlog\custombuild.command.1.tlog
c:\users\david\documents\workspace\tom_jk2mv\src\mvsdk\tools\rcc\q3rcc.dir\release\q3rcc.tlog\custombuild.read.1.tlog
c:\users\david\documents\workspace\tom_jk2mv\src\mvsdk\tools\rcc\q3rcc.dir\release\q3rcc.tlog\custombuild.write.1.tlog
c:\users\david\documents\workspace\tom_jk2mv\src\mvsdk\tools\rcc\q3rcc.dir\release\q3rcc.tlog\link.command.1.tlog
c:\users\david\documents\workspace\tom_jk2mv\src\mvsdk\tools\rcc\q3rcc.dir\release\q3rcc.tlog\link.read.1.tlog
c:\users\david\documents\workspace\tom_jk2mv\src\mvsdk\tools\rcc\q3rcc.dir\release\q3rcc.tlog\link.secondary.1.tlog
c:\users\david\documents\workspace\tom_jk2mv\src\mvsdk\tools\rcc\q3rcc.dir\release\q3rcc.tlog\link.write.1.tlog
